/data/mp3-submissions/mp3-asuthoshaa69
c[?7l[2J[0mSeaBIOS (version 1.15.0-1)


iPXE (https://ipxe.org) 00:09.0 CA00 PCI2.10 PnP PMM+BFF8B060+BFECB060 CA00
Press Ctrl-B to configure iPXE (PCI 00:09.0)...                                                                               


Booting from ROM..c[?7l[2JWrong EFI loader signature.
early console in extract_kernel
input_data: 0x0000000002fd440d
input_len: 0x0000000000c0dd4c
output: 0x0000000001000000
output_len: 0x00000000029e5c08
kernel_total_size: 0x0000000002c28000
needed_size: 0x0000000002e00000
trampoline_32bit: 0x000000000009d000

Decompressing Linux... Parsing ELF... done.
Booting the kernel.
[    0.000000][    T0] Linux version 5.15.165 (schai@voyager-Precision-3450) (gcc (Ubuntu 11.4.0-1ubuntu1~22.04) 11.4.0, GNU ld (GNU Binutils for Ubuntu) 2.38) #2 SMP Mon Oct 28 23:01:18 CDT 2024
[    0.000000][    T0] Command line:  earlyprintk=serial,ttyS0,115200 console=ttyS0 kgdboc=ttyS1,115200 oops=panic retbleed=off  rootfstype=9p rootflags=version=9p2000.L,trans=virtio,access=any ro nokaslr init=/bin/sh -- -c "GUEST='true' IMAGE='' GDB='false' TTY='ttyS0' HOSTNAME='q' HOME='/home/schai' DIR_ROOT='/' DIR_KERNEL='/data/linux-5.15.165' MODULES='false' SSH='false' FWD_PORT='' V4_ADDR='10.0.2.15' V4_PREFIX='24' V6_ADDR='2002:ad6:c2c4::1' V6_PREFIX='128' NET_USER='true' NET_TAP='false' NET_VHOST='false' SCRIPT=''  REPONAME='/data/mp3-submissions/mp3-asuthoshaa69' GRADING_SRC='/home/schai/cs423/cs423_grade/MP3' /home/schai/cs423/cs423_grade/MP3/cs423-grading-q "
[    0.000000][    T0] BIOS-provided physical RAM map:
[    0.000000][    T0] BIOS-e820: [mem 0x0000000000000000-0x000000000009fbff] usable
[    0.000000][    T0] BIOS-e820: [mem 0x000000000009fc00-0x000000000009ffff] reserved
[    0.000000][    T0] BIOS-e820: [mem 0x00000000000f0000-0x00000000000fffff] reserved
[    0.000000][    T0] BIOS-e820: [mem 0x0000000000100000-0x00000000bffdffff] usable
[    0.000000][    T0] BIOS-e820: [mem 0x00000000bffe0000-0x00000000bfffffff] reserved
[    0.000000][    T0] BIOS-e820: [mem 0x00000000feffc000-0x00000000feffffff] reserved
[    0.000000][    T0] BIOS-e820: [mem 0x00000000fffc0000-0x00000000ffffffff] reserved
[    0.000000][    T0] BIOS-e820: [mem 0x0000000100000000-0x000000013fffffff] usable
[    0.000000][    T0] printk: bootconsole [earlyser0] enabled
[    0.000000][    T0] NX (Execute Disable) protection: active
[    0.000000][    T0] SMBIOS 2.8 present.
[    0.000000][    T0] DMI: QEMU Standard PC (i440FX + PIIX, 1996), BIOS 1.15.0-1 04/01/2014
[    0.000000][    T0] Hypervisor detected: KVM
[    0.000000][    T0] kvm-clock: Using msrs 4b564d01 and 4b564d00
[    0.000000][    T0] kvm-clock: cpu 0, msr 36bc001, primary cpu clock
[    0.000001][    T0] kvm-clock: using sched offset of 216298679 cycles
[    0.000384][    T0] clocksource: kvm-clock: mask: 0xffffffffffffffff max_cycles: 0x1cd42e4dffb, max_idle_ns: 881590591483 ns
[    0.001449][    T0] tsc: Detected 2496.000 MHz processor
[    0.002081][    T0] last_pfn = 0x140000 max_arch_pfn = 0x400000000
[    0.002503][    T0] x86/PAT: Configuration [0-7]: WB  WC  UC- UC  WB  WP  UC- WT  
[    0.002977][    T0] last_pfn = 0xbffe0 max_arch_pfn = 0x400000000
[    0.008243][    T0] found SMP MP-table at [mem 0x000f5b70-0x000f5b7f]
[    0.008653][    T0] Using GB pages for direct mapping
[    0.009059][    T0] ACPI: Early table checksum verification disabled
[    0.009453][    T0] ACPI: RSDP 0x00000000000F5990 000014 (v00 BOCHS )
[    0.009855][    T0] ACPI: RSDT 0x00000000BFFE198A 000034 (v01 BOCHS  BXPC     00000001 BXPC 00000001)
[    0.010427][    T0] ACPI: FACP 0x00000000BFFE1836 000074 (v01 BOCHS  BXPC     00000001 BXPC 00000001)
[    0.011011][    T0] ACPI: DSDT 0x00000000BFFE0040 0017F6 (v01 BOCHS  BXPC     00000001 BXPC 00000001)
[    0.011580][    T0] ACPI: FACS 0x00000000BFFE0000 000040
[    0.011909][    T0] ACPI: APIC 0x00000000BFFE18AA 000080 (v01 BOCHS  BXPC     00000001 BXPC 00000001)
[    0.012477][    T0] ACPI: HPET 0x00000000BFFE192A 000038 (v01 BOCHS  BXPC     00000001 BXPC 00000001)
[    0.013045][    T0] ACPI: WAET 0x00000000BFFE1962 000028 (v01 BOCHS  BXPC     00000001 BXPC 00000001)
[    0.013613][    T0] ACPI: Reserving FACP table memory at [mem 0xbffe1836-0xbffe18a9]
[    0.014090][    T0] ACPI: Reserving DSDT table memory at [mem 0xbffe0040-0xbffe1835]
[    0.014573][    T0] ACPI: Reserving FACS table memory at [mem 0xbffe0000-0xbffe003f]
[    0.015090][    T0] ACPI: Reserving APIC table memory at [mem 0xbffe18aa-0xbffe1929]
[    0.015564][    T0] ACPI: Reserving HPET table memory at [mem 0xbffe192a-0xbffe1961]
[    0.016037][    T0] ACPI: Reserving WAET table memory at [mem 0xbffe1962-0xbffe1989]
[    0.016653][    T0] No NUMA configuration found
[    0.016932][    T0] Faking a node at [mem 0x0000000000000000-0x000000013fffffff]
[    0.017386][    T0] NODE_DATA(0) allocated [mem 0x13fffa000-0x13fffdfff]
[    0.017836][    T0] Zone ranges:
[    0.018035][    T0]   DMA      [mem 0x0000000000001000-0x0000000000ffffff]
[    0.018456][    T0]   DMA32    [mem 0x0000000001000000-0x00000000ffffffff]
[    0.018881][    T0]   Normal   [mem 0x0000000100000000-0x000000013fffffff]
[    0.019303][    T0] Movable zone start for each node
[    0.019607][    T0] Early memory node ranges
[    0.019868][    T0]   node   0: [mem 0x0000000000001000-0x000000000009efff]
[    0.020296][    T0]   node   0: [mem 0x0000000000100000-0x00000000bffdffff]
[    0.020722][    T0]   node   0: [mem 0x0000000100000000-0x000000013fffffff]
[    0.021149][    T0] Initmem setup node 0 [mem 0x0000000000001000-0x000000013fffffff]
[    0.021632][    T0] On node 0, zone DMA: 1 pages in unavailable ranges
[    0.021753][    T0] On node 0, zone DMA: 97 pages in unavailable ranges
[    0.053941][    T0] On node 0, zone Normal: 32 pages in unavailable ranges
[    0.054631][    T0] ACPI: PM-Timer IO Port: 0x608
[    0.055332][    T0] ACPI: LAPIC_NMI (acpi_id[0xff] dfl dfl lint[0x1])
[    0.055742][    T0] IOAPIC[0]: apic_id 0, version 17, address 0xfec00000, GSI 0-23
[    0.056200][    T0] ACPI: INT_SRC_OVR (bus 0 bus_irq 0 global_irq 2 dfl dfl)
[    0.056625][    T0] ACPI: INT_SRC_OVR (bus 0 bus_irq 5 global_irq 5 high level)
[    0.057065][    T0] ACPI: INT_SRC_OVR (bus 0 bus_irq 9 global_irq 9 high level)
[    0.057505][    T0] ACPI: INT_SRC_OVR (bus 0 bus_irq 10 global_irq 10 high level)
[    0.057955][    T0] ACPI: INT_SRC_OVR (bus 0 bus_irq 11 global_irq 11 high level)
[    0.058406][    T0] ACPI: Using ACPI (MADT) for SMP configuration information
[    0.058853][    T0] ACPI: HPET id: 0x8086a201 base: 0xfed00000
[    0.059207][    T0] TSC deadline timer available
[    0.059487][    T0] smpboot: Allowing 2 CPUs, 0 hotplug CPUs
[    0.059839][    T0] kvm-guest: KVM setup pv remote TLB flush
[    0.060183][    T0] kvm-guest: setup PV sched yield
[    0.060481][    T0] PM: hibernation: Registered nosave memory: [mem 0x00000000-0x00000fff]
[    0.060980][    T0] PM: hibernation: Registered nosave memory: [mem 0x0009f000-0x0009ffff]
[    0.061478][    T0] PM: hibernation: Registered nosave memory: [mem 0x000a0000-0x000effff]
[    0.061975][    T0] PM: hibernation: Registered nosave memory: [mem 0x000f0000-0x000fffff]
[    0.062473][    T0] PM: hibernation: Registered nosave memory: [mem 0xbffe0000-0xbfffffff]
[    0.062986][    T0] PM: hibernation: Registered nosave memory: [mem 0xc0000000-0xfeffbfff]
[    0.063483][    T0] PM: hibernation: Registered nosave memory: [mem 0xfeffc000-0xfeffffff]
[    0.063979][    T0] PM: hibernation: Registered nosave memory: [mem 0xff000000-0xfffbffff]
[    0.064476][    T0] PM: hibernation: Registered nosave memory: [mem 0xfffc0000-0xffffffff]
[    0.064973][    T0] [mem 0xc0000000-0xfeffbfff] available for PCI devices
[    0.065381][    T0] Booting paravirtualized kernel on KVM
[    0.065706][    T0] clocksource: refined-jiffies: mask: 0xffffffff max_cycles: 0xffffffff, max_idle_ns: 1910969940391419 ns
[    0.069695][    T0] setup_percpu: NR_CPUS:64 nr_cpumask_bits:64 nr_cpu_ids:2 nr_node_ids:1
[    0.071259][    T0] percpu: Embedded 54 pages/cpu s182232 r8192 d30760 u1048576
[    0.071735][    T0] kvm-guest: setup async PF for cpu 0
[    0.072053][    T0] kvm-guest: stealtime: cpu 0, msr 13bc1b140
[    0.072410][    T0] kvm-guest: PV spinlocks enabled
[    0.072708][    T0] PV qspinlock hash table entries: 256 (order: 0, 4096 bytes, linear)
[    0.073200][    T0] Built 1 zonelists, mobility grouping on.  Total pages: 1031904
[    0.073661][    T0] Policy zone: Normal
[    0.073894][    T0] Kernel command line:  earlyprintk=serial,ttyS0,115200 console=ttyS0 kgdboc=ttyS1,115200 oops=panic retbleed=off  rootfstype=9p rootflags=version=9p2000.L,trans=virtio,access=any ro nokaslr init=/bin/sh -- -c "GUEST='true' IMAGE='' GDB='false' TTY='ttyS0' HOSTNAME='q' HOME='/home/schai' DIR_ROOT='/' DIR_KERNEL='/data/linux-5.15.165' MODULES='false' SSH='false' FWD_PORT='' V4_ADDR='10.0.2.15' V4_PREFIX='24' V6_ADDR='2002:ad6:c2c4::1' V6_PREFIX='128' NET_USER='true' NET_TAP='false' NET_VHOST='false' SCRIPT=''  REPONAME='/data/mp3-submissions/mp3-asuthoshaa69' GRADING_SRC='/home/schai/cs423/cs423_grade/MP3' /home/schai/cs423/cs423_grade/MP3/cs423-grading-q "
[    0.077647][    T0] Unknown kernel command line parameters "kgdboc=ttyS1,115200", will be passed to user space.
[    0.080278][    T0] Dentry cache hash table entries: 524288 (order: 10, 4194304 bytes, linear)
[    0.081822][    T0] Inode-cache hash table entries: 262144 (order: 9, 2097152 bytes, linear)
[    0.082390][    T0] mem auto-init: stack:off, heap alloc:off, heap free:off
[    0.124964][    T0] Memory: 4009308K/4193784K available (16400K kernel code, 3086K rwdata, 9988K rodata, 1708K init, 6252K bss, 184220K reserved, 0K cma-reserved)
[    0.125992][    T0] SLUB: HWalign=64, Order=0-3, MinObjects=0, CPUs=2, Nodes=1
[    0.126664][    T0] rcu: Hierarchical RCU implementation.
[    0.126989][    T0] rcu: 	RCU event tracing is enabled.
[    0.127301][    T0] rcu: 	RCU restricting CPUs from NR_CPUS=64 to nr_cpu_ids=2.
[    0.127737][    T0] 	Tracing variant of Tasks RCU enabled.
[    0.128063][    T0] rcu: RCU calculated value of scheduler-enlistment delay is 100 jiffies.
[    0.128561][    T0] rcu: Adjusting geometry for rcu_fanout_leaf=16, nr_cpu_ids=2
[    0.137426][    T0] NR_IRQS: 4352, nr_irqs: 440, preallocated irqs: 16
[    0.141283][    T0] Console: colour VGA+ 80x25
[    0.141574][    T0] printk: console [ttyS0] enabled
[    0.141574][    T0] printk: console [ttyS0] enabled
[    0.142153][    T0] printk: bootconsole [earlyser0] disabled
[    0.142153][    T0] printk: bootconsole [earlyser0] disabled
[    0.142853][    T0] ACPI: Core revision 20210730
[    0.143246][    T0] clocksource: hpet: mask: 0xffffffff max_cycles: 0xffffffff, max_idle_ns: 19112604467 ns
[    0.143899][    T0] APIC: Switch to symmetric I/O mode setup
[    0.144265][    T0] kvm-guest: setup PV IPIs
[    0.145236][    T0] ..TIMER: vector=0x30 apic1=0 pin1=2 apic2=-1 pin2=-1
[    0.145665][    T0] clocksource: tsc-early: mask: 0xffffffffffffffff max_cycles: 0x23fa772cf26, max_idle_ns: 440795269835 ns
[    0.146376][    T0] Calibrating delay loop (skipped) preset value.. 4992.00 BogoMIPS (lpj=2496000)
[    0.147463][    T0] x86/cpu: User Mode Instruction Prevention (UMIP) activated
[    0.147978][    T0] Last level iTLB entries: 4KB 0, 2MB 0, 4MB 0
[    0.148374][    T0] Last level dTLB entries: 4KB 0, 2MB 0, 4MB 0, 1GB 0
[    0.148785][    T0] Spectre V1 : Mitigation: usercopy/swapgs barriers and __user pointer sanitization
[    0.149376][    T0] Spectre V2 : WARNING: Unprivileged eBPF is enabled with eIBRS on, data leaks possible via Spectre v2 BHB attacks!
[    0.150108][    T0] Spectre V2 : Spectre BHI mitigation: SW BHB clearing on vm exit
[    0.150374][    T0] Spectre V2 : Spectre BHI mitigation: SW BHB clearing on syscall
[    0.150801][    T0] Spectre V2 : Mitigation: Enhanced / Automatic IBRS
[    0.151374][    T0] Spectre V2 : Spectre v2 / SpectreRSB mitigation: Filling RSB on context switch
[    0.151873][    T0] Spectre V2 : Spectre v2 / PBRSB-eIBRS: Retire a single CALL on VMEXIT
[    0.152339][    T0] Spectre V2 : mitigation: Enabling conditional Indirect Branch Prediction Barrier
[    0.152375][    T0] Speculative Store Bypass: Mitigation: Speculative Store Bypass disabled via prctl and seccomp
[    0.153377][    T0] MMIO Stale Data: Vulnerable: Clear CPU buffers attempted, no microcode
[    0.153838][    T0] GDS: Unknown: Dependent on hypervisor status
[    0.154207][    T0] x86/fpu: Supporting XSAVE feature 0x001: 'x87 floating point registers'
[    0.154374][    T0] x86/fpu: Supporting XSAVE feature 0x002: 'SSE registers'
[    0.154771][    T0] x86/fpu: Supporting XSAVE feature 0x004: 'AVX registers'
[    0.155374][    T0] x86/fpu: Supporting XSAVE feature 0x008: 'MPX bounds registers'
[    0.155802][    T0] x86/fpu: Supporting XSAVE feature 0x010: 'MPX CSR'
[    0.156374][    T0] x86/fpu: Supporting XSAVE feature 0x020: 'AVX-512 opmask'
[    0.156773][    T0] x86/fpu: Supporting XSAVE feature 0x040: 'AVX-512 Hi256'
[    0.157167][    T0] x86/fpu: Supporting XSAVE feature 0x080: 'AVX-512 ZMM_Hi256'
[    0.157374][    T0] x86/fpu: Supporting XSAVE feature 0x200: 'Protection Keys User registers'
[    0.157860][    T0] x86/fpu: xstate_offset[2]:  576, xstate_sizes[2]:  256
[    0.158374][    T0] x86/fpu: xstate_offset[3]:  832, xstate_sizes[3]:   64
[    0.158758][    T0] x86/fpu: xstate_offset[4]:  896, xstate_sizes[4]:   64
[    0.159143][    T0] x86/fpu: xstate_offset[5]:  960, xstate_sizes[5]:   64
[    0.159374][    T0] x86/fpu: xstate_offset[6]: 1024, xstate_sizes[6]:  512
[    0.159758][    T0] x86/fpu: xstate_offset[7]: 1536, xstate_sizes[7]: 1024
[    0.160374][    T0] x86/fpu: xstate_offset[9]: 2560, xstate_sizes[9]:    8
[    0.160758][    T0] x86/fpu: Enabled xstate features 0x2ff, context size is 2568 bytes, using 'compacted' format.
[    0.172638][    T0] Freeing SMP alternatives memory: 48K
[    0.172944][    T0] pid_max: default: 32768 minimum: 301
[    0.173288][    T0] LSM: Security Framework initializing
[    0.173379][    T0] Yama: becoming mindful.
[    0.173690][    T0] Mount-cache hash table entries: 8192 (order: 4, 65536 bytes, linear)
[    0.174391][    T0] Mountpoint-cache hash table entries: 8192 (order: 4, 65536 bytes, linear)
[    0.175328][    T1] smpboot: CPU0: 11th Gen Intel(R) Core(TM) i7-11700 @ 2.50GHz (family: 0x6, model: 0xa7, stepping: 0x1)
[    0.175374][    T1] Performance Events: Icelake events, full-width counters, Intel PMU driver.
[    0.175377][    T1] ... version:                2
[    0.175642][    T1] ... bit width:              48
[    0.175911][    T1] ... generic registers:      8
[    0.176176][    T1] ... value mask:             0000ffffffffffff
[    0.176375][    T1] ... max period:             00007fffffffffff
[    0.176711][    T1] ... fixed-purpose events:   3
[    0.176975][    T1] ... event mask:             00000007000000ff
[    0.177368][    T1] signal: max sigframe size: 3632
[    0.177406][    T1] rcu: Hierarchical SRCU implementation.
[    0.178082][    T1] smp: Bringing up secondary CPUs ...
[    0.178537][    T1] x86: Booting SMP configuration:
[    0.178814][    T1] .... node  #0, CPUs:      #1
[    0.007385][    T0] kvm-clock: cpu 1, msr 36bc041, secondary cpu clock
[    0.179353][   T16] kvm-guest: setup async PF for cpu 1
[    0.179353][   T16] kvm-guest: stealtime: cpu 1, msr 13bd1b140
[    0.180382][    T1] smp: Brought up 1 node, 2 CPUs
[    0.180733][    T1] smpboot: Max logical packages: 1
[    0.181091][    T1] smpboot: Total of 2 processors activated (9984.00 BogoMIPS)
[    0.181690][    T1] devtmpfs: initialized
[    0.181872][    T1] clocksource: jiffies: mask: 0xffffffff max_cycles: 0xffffffff, max_idle_ns: 1911260446275000 ns
[    0.182378][    T1] futex hash table entries: 512 (order: 3, 32768 bytes, linear)
[    0.182860][    T1] pinctrl core: initialized pinctrl subsystem
[    0.183262][    T1] PM: RTC time: 08:07:55, date: 2024-12-14
[    0.183635][    T1] NET: Registered PF_NETLINK/PF_ROUTE protocol family
[    0.184172][    T1] audit: initializing netlink subsys (disabled)
[    0.184462][   T23] audit: type=2000 audit(1734163675.919:1): state=initialized audit_enabled=0 res=1
[    0.184599][    T1] thermal_sys: Registered thermal governor 'step_wise'
[    0.184919][    T1] thermal_sys: Registered thermal governor 'user_space'
[    0.185402][    T1] cpuidle: using governor menu
[    0.186093][    T1] ACPI: bus type PCI registered
[    0.186482][    T1] PCI: Using configuration type 1 for base access
[    0.190587][    T1] kprobes: kprobe jump-optimization is enabled. All kprobes are optimized if possible.
[    0.191387][    T1] HugeTLB registered 2.00 MiB page size, pre-allocated 0 pages
[    0.191837][   T29] cryptomgr_test (29) used greatest stack depth: 15376 bytes left
[    0.192447][    T1] ACPI: Added _OSI(Module Device)
[    0.193377][    T1] ACPI: Added _OSI(Processor Device)
[    0.193667][    T1] ACPI: Added _OSI(3.0 _SCP Extensions)
[    0.193972][    T1] ACPI: Added _OSI(Processor Aggregator Device)
[    0.194319][    T1] ACPI: Added _OSI(Linux-Dell-Video)
[    0.194390][    T1] ACPI: Added _OSI(Linux-Lenovo-NV-HDMI-Audio)
[    0.194729][    T1] ACPI: Added _OSI(Linux-HPI-Hybrid-Graphics)
[    0.198164][    T1] ACPI: 1 ACPI AML tables successfully acquired and loaded
[    0.199119][    T1] ACPI: Interpreter enabled
[    0.199119][    T1] ACPI: PM: (supports S0 S3 S4 S5)
[    0.199405][    T1] ACPI: Using IOAPIC for interrupt routing
[    0.199738][    T1] PCI: Using host bridge windows from ACPI; if necessary, use "pci=nocrs" and report a bug
[    0.200543][    T1] ACPI: Enabled 2 GPEs in block 00 to 0F
[    0.205737][    T1] ACPI: PCI Root Bridge [PCI0] (domain 0000 [bus 00-ff])
[    0.206131][    T1] acpi PNP0A03:00: _OSC: OS supports [ASPM ClockPM Segments MSI HPX-Type3]
[    0.206399][    T1] acpi PNP0A03:00: fail to add MMCONFIG information, can't access extended PCI configuration space under this bridge.
[    0.207150][    T1] PCI host bridge to bus 0000:00
[    0.207376][    T1] pci_bus 0000:00: root bus resource [io  0x0000-0x0cf7 window]
[    0.207799][    T1] pci_bus 0000:00: root bus resource [io  0x0d00-0xffff window]
[    0.208208][    T1] pci_bus 0000:00: root bus resource [mem 0x000a0000-0x000bffff window]
[    0.208375][    T1] pci_bus 0000:00: root bus resource [mem 0xc0000000-0xfebfffff window]
[    0.208836][    T1] pci_bus 0000:00: root bus resource [mem 0x140000000-0x1bfffffff window]
[    0.209293][    T1] pci_bus 0000:00: root bus resource [bus 00-ff]
[    0.210570][    T1] pci 0000:00:00.0: [8086:1237] type 00 class 0x060000
[    0.212276][    T1] pci 0000:00:01.0: [8086:7000] type 00 class 0x060100
[    0.212800][    T1] pci 0000:00:01.1: [8086:7010] type 00 class 0x010180
[    0.214891][    T1] pci 0000:00:01.1: reg 0x20: [io  0xc120-0xc12f]
[    0.215879][    T1] pci 0000:00:01.1: legacy IDE quirk: reg 0x10: [io  0x01f0-0x01f7]
[    0.216323][    T1] pci 0000:00:01.1: legacy IDE quirk: reg 0x14: [io  0x03f6]
[    0.216375][    T1] pci 0000:00:01.1: legacy IDE quirk: reg 0x18: [io  0x0170-0x0177]
[    0.216813][    T1] pci 0000:00:01.1: legacy IDE quirk: reg 0x1c: [io  0x0376]
[    0.217500][    T1] pci 0000:00:01.3: [8086:7113] type 00 class 0x068000
[    0.218461][    T1] pci 0000:00:01.3: quirk: [io  0x0600-0x063f] claimed by PIIX4 ACPI
[    0.218911][    T1] pci 0000:00:01.3: quirk: [io  0x0700-0x070f] claimed by PIIX4 SMB
[    0.219718][    T1] pci 0000:00:02.0: [1234:1111] type 00 class 0x030000
[    0.223645][    T1] pci 0000:00:02.0: reg 0x10: [mem 0xfd000000-0xfdffffff pref]
[    0.225173][    T1] pci 0000:00:02.0: reg 0x18: [mem 0xfeb90000-0xfeb90fff]
[    0.227411][    T1] pci 0000:00:02.0: reg 0x30: [mem 0xfeb80000-0xfeb8ffff pref]
[    0.228062][    T1] pci 0000:00:02.0: Video device with shadowed ROM at [mem 0x000c0000-0x000dffff]
[    0.231043][    T1] pci 0000:00:03.0: [8086:25ab] type 00 class 0x088000
[    0.231744][    T1] pci 0000:00:03.0: reg 0x10: [mem 0xfeb91000-0xfeb9100f]
[    0.235398][    T1] pci 0000:00:04.0: [1af4:1005] type 00 class 0x00ff00
[    0.236193][    T1] pci 0000:00:04.0: reg 0x10: [io  0xc0c0-0xc0df]
[    0.237562][    T1] pci 0000:00:04.0: reg 0x20: [mem 0xfe000000-0xfe003fff 64bit pref]
[    0.239827][    T1] pci 0000:00:05.0: [1af4:1009] type 00 class 0x000200
[    0.240645][    T1] pci 0000:00:05.0: reg 0x10: [io  0xc000-0xc03f]
[    0.241854][    T1] pci 0000:00:05.0: reg 0x14: [mem 0xfeb92000-0xfeb92fff]
[    0.245304][    T1] pci 0000:00:05.0: reg 0x20: [mem 0xfe004000-0xfe007fff 64bit pref]
[    0.248341][    T1] pci 0000:00:06.0: [1af4:1009] type 00 class 0x000200
[    0.248893][    T1] pci 0000:00:06.0: reg 0x10: [io  0xc040-0xc07f]
[    0.249647][    T1] pci 0000:00:06.0: reg 0x14: [mem 0xfeb93000-0xfeb93fff]
[    0.251321][    T1] pci 0000:00:06.0: reg 0x20: [mem 0xfe008000-0xfe00bfff 64bit pref]
[    0.254277][    T1] pci 0000:00:07.0: [1af4:1009] type 00 class 0x000200
[    0.254850][    T1] pci 0000:00:07.0: reg 0x10: [io  0xc0e0-0xc0ff]
[    0.255628][    T1] pci 0000:00:07.0: reg 0x14: [mem 0xfeb94000-0xfeb94fff]
[    0.258624][    T1] pci 0000:00:07.0: reg 0x20: [mem 0xfe00c000-0xfe00ffff 64bit pref]
[    0.260829][    T1] pci 0000:00:08.0: [1af4:1009] type 00 class 0x000200
[    0.261611][    T1] pci 0000:00:08.0: reg 0x10: [io  0xc080-0xc0bf]
[    0.262375][    T1] pci 0000:00:08.0: reg 0x14: [mem 0xfeb95000-0xfeb95fff]
[    0.264015][    T1] pci 0000:00:08.0: reg 0x20: [mem 0xfe010000-0xfe013fff 64bit pref]
[    0.267403][    T1] pci 0000:00:09.0: [1af4:1000] type 00 class 0x020000
[    0.268278][    T1] pci 0000:00:09.0: reg 0x10: [io  0xc100-0xc11f]
[    0.268810][    T1] pci 0000:00:09.0: reg 0x14: [mem 0xfeb96000-0xfeb96fff]
[    0.270375][    T1] pci 0000:00:09.0: reg 0x20: [mem 0xfe014000-0xfe017fff 64bit pref]
[    0.271278][    T1] pci 0000:00:09.0: reg 0x30: [mem 0xfeb00000-0xfeb7ffff pref]
[    0.273385][    T1] ACPI: PCI: Interrupt link LNKA configured for IRQ 10
[    0.273927][    T1] ACPI: PCI: Interrupt link LNKB configured for IRQ 10
[    0.274467][    T1] ACPI: PCI: Interrupt link LNKC configured for IRQ 11
[    0.274999][    T1] ACPI: PCI: Interrupt link LNKD configured for IRQ 11
[    0.275449][    T1] ACPI: PCI: Interrupt link LNKS configured for IRQ 9
[    0.276329][    T1] iommu: Default domain type: Translated 
[    0.277376][    T1] iommu: DMA domain TLB invalidation policy: lazy mode 
[    0.278478][    T1] pci 0000:00:02.0: vgaarb: setting as boot VGA device
[    0.278768][    T1] pci 0000:00:02.0: vgaarb: VGA device added: decodes=io+mem,owns=io+mem,locks=none
[    0.279526][    T1] pci 0000:00:02.0: vgaarb: bridge control possible
[    0.279887][    T1] vgaarb: loaded
[    0.280357][    T1] SCSI subsystem initialized
[    0.281750][    T1] ACPI: bus type USB registered
[    0.282433][    T1] usbcore: registered new interface driver usbfs
[    0.282809][    T1] usbcore: registered new interface driver hub
[    0.283180][    T1] usbcore: registered new device driver usb
[    0.283419][    T1] pps_core: LinuxPPS API ver. 1 registered
[    0.283739][    T1] pps_core: Software ver. 5.3.6 - Copyright 2005-2007 Rodolfo Giometti <giometti@linux.it>
[    0.284291][    T1] PTP clock support registered
[    0.284417][    T1] EDAC MC: Ver: 3.0.0
[    0.284753][    T1] Advanced Linux Sound Architecture Driver Initialized.
[    0.285739][    T1] NetLabel: Initializing
[    0.285976][    T1] NetLabel:  domain hash size = 128
[    0.286260][    T1] NetLabel:  protocols = UNLABELED CIPSOv4 CALIPSO
[    0.286406][    T1] NetLabel:  unlabeled traffic allowed by default
[    0.286780][    T1] PCI: Using ACPI for IRQ routing
[    0.287414][    T1] hpet0: at MMIO 0xfed00000, IRQs 2, 8, 0
[    0.287762][    T1] hpet0: 3 comparators, 64-bit 100.000000 MHz counter
[    0.290456][    T1] clocksource: Switched to clocksource kvm-clock
[    0.323164][    T1] VFS: Disk quotas dquot_6.6.0
[    0.323600][    T1] VFS: Dquot-cache hash table entries: 512 (order 0, 4096 bytes)
[    0.324306][    T1] pnp: PnP ACPI init
[    0.325296][    T1] pnp: PnP ACPI: found 6 devices
[    0.332126][    T1] clocksource: acpi_pm: mask: 0xffffff max_cycles: 0xffffff, max_idle_ns: 2085701024 ns
[    0.332940][    T1] NET: Registered PF_INET protocol family
[    0.333653][    T1] IP idents hash table entries: 65536 (order: 7, 524288 bytes, linear)
[    0.334782][    T1] tcp_listen_portaddr_hash hash table entries: 2048 (order: 3, 32768 bytes, linear)
[    0.335530][    T1] Table-perturb hash table entries: 65536 (order: 6, 262144 bytes, linear)
[    0.336201][    T1] TCP established hash table entries: 32768 (order: 6, 262144 bytes, linear)
[    0.337015][    T1] TCP bind hash table entries: 32768 (order: 7, 524288 bytes, linear)
[    0.337863][    T1] TCP: Hash tables configured (established 32768 bind 32768)
[    0.338530][    T1] UDP hash table entries: 2048 (order: 4, 65536 bytes, linear)
[    0.339151][    T1] UDP-Lite hash table entries: 2048 (order: 4, 65536 bytes, linear)
[    0.339921][    T1] NET: Registered PF_UNIX/PF_LOCAL protocol family
[    0.340676][    T1] RPC: Registered named UNIX socket transport module.
[    0.341199][    T1] RPC: Registered udp transport module.
[    0.341629][    T1] RPC: Registered tcp transport module.
[    0.342055][    T1] RPC: Registered tcp NFSv4.1 backchannel transport module.
[    0.342763][    T1] pci_bus 0000:00: resource 4 [io  0x0000-0x0cf7 window]
[    0.343306][    T1] pci_bus 0000:00: resource 5 [io  0x0d00-0xffff window]
[    0.343846][    T1] pci_bus 0000:00: resource 6 [mem 0x000a0000-0x000bffff window]
[    0.344447][    T1] pci_bus 0000:00: resource 7 [mem 0xc0000000-0xfebfffff window]
[    0.345039][    T1] pci_bus 0000:00: resource 8 [mem 0x140000000-0x1bfffffff window]
[    0.345694][    T1] pci 0000:00:01.0: PIIX3: Enabling Passive Release
[    0.346206][    T1] pci 0000:00:00.0: Limiting direct PCI/PCI transfers
[    0.346732][    T1] pci 0000:00:01.0: Activating ISA DMA hang workarounds
[    0.347307][    T1] PCI: CLS 0 bytes, default 64
[    0.347691][    T1] PCI-DMA: Using software bounce buffering for IO (SWIOTLB)
[    0.348256][    T1] software IO TLB: mapped [mem 0x00000000bbfe0000-0x00000000bffe0000] (64MB)
[    0.348980][    T1] clocksource: tsc: mask: 0xffffffffffffffff max_cycles: 0x23fa772cf26, max_idle_ns: 440795269835 ns
[    0.378958][    T1] Initialise system trusted keyrings
[    0.379457][    T1] workingset: timestamp_bits=40 max_order=20 bucket_order=0
[    0.384057][    T1] NFS: Registering the id_resolver key type
[    0.384566][    T1] Key type id_resolver registered
[    0.384963][    T1] Key type id_legacy registered
[    0.385399][    T1] fuse: init (API version 7.34)
[    0.386003][    T1] JFS: nTxBlock = 8192, nTxLock = 65536
[    0.389161][    T1] SGI XFS with ACLs, security attributes, realtime, scrub, repair, verbose warnings, quota, no debug enabled
[    0.390584][    T1] 9p: Installing v9fs 9p2000 file system support
[    0.396695][   T75] cryptomgr_test (75) used greatest stack depth: 15240 bytes left
[    0.397306][    T1] NET: Registered PF_ALG protocol family
[    0.397719][    T1] Key type asymmetric registered
[    0.398071][    T1] Asymmetric key parser 'x509' registered
[    0.398526][    T1] Block layer SCSI generic (bsg) driver version 0.4 loaded (major 251)
[    0.399173][    T1] io scheduler mq-deadline registered
[    0.399560][    T1] io scheduler kyber registered
[    0.400124][    T1] input: Power Button as /devices/LNXSYSTM:00/LNXPWRBN:00/input/input0
[    0.400772][    T1] ACPI: button: Power Button [PWRF]
[    0.489698][    T1] ACPI: \_SB_.LNKD: Enabled at IRQ 11
[    0.572808][    T1] ACPI: \_SB_.LNKA: Enabled at IRQ 10
[    0.656323][    T1] ACPI: \_SB_.LNKB: Enabled at IRQ 10
[    0.739733][    T1] ACPI: \_SB_.LNKC: Enabled at IRQ 11
[    0.906471][    T1] Serial: 8250/16550 driver, 4 ports, IRQ sharing enabled
[    0.907059][    T1] 00:04: ttyS0 at I/O 0x3f8 (irq = 4, base_baud = 115200) is a 16550A
[    0.908345][    T1] Non-volatile memory driver v1.3
[    0.909487][    T1] Linux agpgart interface v0.103
[    0.912046][    T1] loop: module loaded
[    0.913382][    T1] scsi host0: ata_piix
[    0.913787][    T1] scsi host1: ata_piix
[    0.914055][    T1] ata1: PATA max MWDMA2 cmd 0x1f0 ctl 0x3f6 bmdma 0xc120 irq 14
[    0.914470][    T1] ata2: PATA max MWDMA2 cmd 0x170 ctl 0x376 bmdma 0xc128 irq 15
[    0.915506][    T1] tun: Universal TUN/TAP device driver, 1.6
[    0.916705][    T1] e100: Intel(R) PRO/100 Network Driver
[    0.917102][    T1] e100: Copyright(c) 1999-2006 Intel Corporation
[    0.917559][    T1] e1000: Intel(R) PRO/1000 Network Driver
[    0.917958][    T1] e1000: Copyright (c) 1999-2006 Intel Corporation.
[    0.918439][    T1] e1000e: Intel(R) PRO/1000 Network Driver
[    0.918845][    T1] e1000e: Copyright(c) 1999 - 2015 Intel Corporation.
[    0.919332][    T1] sky2: driver version 1.30
[    0.919686][    T1] PPP generic driver version 2.4.2
[    0.920161][    T1] ohci_hcd: USB 1.1 'Open' Host Controller (OHCI) Driver
[    0.920668][    T1] ohci-pci: OHCI PCI platform driver
[    0.921049][    T1] uhci_hcd: USB Universal Host Controller Interface driver
[    0.921586][    T1] usbcore: registered new interface driver usblp
[    0.922041][    T1] usbcore: registered new interface driver usb-storage
[    0.922570][    T1] i8042: PNP: PS/2 Controller [PNP0303:KBD,PNP0f13:MOU] at 0x60,0x64 irq 1,12
[    0.923608][    T1] serio: i8042 KBD port at 0x60,0x64 irq 1
[    0.924016][    T1] serio: i8042 AUX port at 0x60,0x64 irq 12
[    0.924690][   T25] input: AT Translated Set 2 keyboard as /devices/platform/i8042/serio0/input/input1
[    0.925443][    T1] rtc_cmos 00:05: RTC can wake from S4
[    0.926371][    T1] rtc_cmos 00:05: registered as rtc0
[    0.926889][    T1] rtc_cmos 00:05: alarms up to one day, y3k, 242 bytes nvram, hpet irqs
[    0.927914][    T1] device-mapper: ioctl: 4.45.0-ioctl (2021-03-22) initialised: dm-devel@redhat.com
[    0.928636][    T1] intel_pstate: CPU model not supported
[    0.929147][    T1] hid: raw HID events driver (C) Jiri Kosina
[    0.929730][    T1] usbcore: registered new interface driver usbhid
[    0.930249][    T1] usbhid: USB HID core driver
[    0.931417][    T1] IPVS: Registered protocols (TCP, UDP)
[    0.931864][    T1] IPVS: Connection hash table configured (size=4096, memory=32Kbytes)
[    0.932602][    T1] IPVS: ipvs loaded.
[    0.932914][    T1] IPVS: [rr] scheduler registered.
[    0.933366][    T1] Initializing XFRM netlink socket
[    0.933949][    T1] NET: Registered PF_INET6 protocol family
[    0.934770][    T1] Segment Routing with IPv6
[    0.935133][    T1] In-situ OAM (IOAM) with IPv6
[    0.935568][    T1] sit: IPv6, IPv4 and MPLS over IPv4 tunneling driver
[    0.936290][    T1] NET: Registered PF_PACKET protocol family
[    0.936796][    T1] Bridge firewalling registered
[    0.937232][    T1] 9pnet: Installing 9P2000 support
[    0.939142][    T1] Key type dns_resolver registered
[    0.939713][    T1] IPI shorthand broadcast: enabled
[    0.940148][    T1] sched_clock: Marking stable (933263851, 6385394)->(950015748, -10366503)
[    0.940723][    T1] registered taskstats version 1
[    0.941005][    T1] Loading compiled-in X.509 certificates
[    0.941359][    T1] kmemleak: Kernel memory leak detector initialized (mem pool available: 15734)
[    0.941362][   T91] kmemleak: Automatic memory scanning thread started
[    0.942505][    T1] PM:   Magic number: 4:2:119
[    0.942790][    T1] printk: console [netcon0] enabled
[    0.943075][    T1] netconsole: network logging started
[    0.943514][    T1] cfg80211: Loading compiled-in X.509 certificates for regulatory database
[    0.944148][   T92] kworker/u4:3 (92) used greatest stack depth: 14576 bytes left
[    0.944763][   T94] cryptomgr_probe (94) used greatest stack depth: 14536 bytes left
[    0.944880][    T1] cfg80211: Loaded X.509 cert 'sforshee: 00b28ddf47aef9cea7'
[    0.945847][    T1] cfg80211: Loaded X.509 cert 'wens: 61c038651aabdcf94bd0ac7ff06c7248db18c600'
[    0.946346][    T1] clk: Disabling unused clocks
[    0.946612][    T1] ALSA device list:
[    0.946820][    T1]   No soundcards found.
[    0.947245][   T24] platform regulatory.0: Direct firmware load for regulatory.db failed with error -2
[    0.947777][   T24] cfg80211: failed to load regulatory.db
[    1.072285][   T83] ata2.00: ATAPI: QEMU DVD-ROM, 2.5+, max UDMA/100
[    1.072788][   T81] ata1.00: ATA-7: QEMU HARDDISK, 2.5+, max UDMA/100
[    1.073262][   T81] ata1.00: 4194304 sectors, multi 16: LBA48 
[    1.074396][    T9] scsi 0:0:0:0: Direct-Access     ATA      QEMU HARDDISK    2.5+ PQ: 0 ANSI: 5
[    1.075273][    T9] sd 0:0:0:0: Attached scsi generic sg0 type 0
[    1.075311][   T85] sd 0:0:0:0: [sda] 4194304 512-byte logical blocks: (2.15 GB/2.00 GiB)
[    1.076275][   T66] scsi 1:0:0:0: CD-ROM            QEMU     QEMU DVD-ROM     2.5+ PQ: 0 ANSI: 5
[    1.076277][   T85] sd 0:0:0:0: [sda] Write Protect is off
[    1.077320][   T85] sd 0:0:0:0: [sda] Write cache: enabled, read cache: enabled, doesn't support DPO or FUA
[    1.078699][   T85] sd 0:0:0:0: [sda] Attached SCSI disk
[    1.093918][   T66] sr 1:0:0:0: [sr0] scsi3-mmc drive: 4x/4x cd/rw xa/form2 tray
[    1.094456][   T66] cdrom: Uniform CD-ROM driver Revision: 3.20
[    1.112143][   T66] sr 1:0:0:0: Attached scsi generic sg1 type 5
[    1.552637][   T25] input: ImExPS/2 Generic Explorer Mouse as /devices/platform/i8042/serio1/input/input3
[    1.553467][    T1] md: Waiting for all devices to be available before autodetect
[    1.553920][    T1] md: If you don't use raid, use raid=noautodetect
[    1.554277][    T1] md: Autodetecting RAID arrays.
[    1.554548][    T1] md: autorun ...
[    1.554744][    T1] md: ... autorun DONE.
[    1.555537][    T1] VFS: Mounted root (9p filesystem) readonly on device 0:17.
[    1.556101][    T1] devtmpfs: mounted
[    1.556767][    T1] Freeing unused kernel image (initmem) memory: 1708K
[    1.557150][    T1] Write protecting the kernel read-only data: 28672k
[    1.558214][    T1] Freeing unused kernel image (text/rodata gap) memory: 2028K
[    1.558730][    T1] Freeing unused kernel image (rodata/data gap) memory: 252K
[    1.559153][    T1] Run /bin/sh as init process
[    1.581776][   T98] dirname (98) used greatest stack depth: 13016 bytes left
/data/mp3-submissions/mp3-asuthoshaa69
[32m> pivot root
(B[m[    1.602147][  T100] mount (100) used greatest stack depth: 12696 bytes left
[    1.637344][  T105] mount (105) used greatest stack depth: 12552 bytes left
[    1.639945][  T106] mount (106) used greatest stack depth: 12488 bytes left
[32m> early setup
(B[m[32m> $/expor mount point doesn't exist, not mounting /media
(B[m[32m> modules /lib/modules/5.15.165 46 modules
(B[m[32m> networking as q
(B[m[    1.731859][  T143] ip (143) used greatest stack depth: 11320 bytes left
[32m> busybox is found, but no /etc/udhcpc/default.script, use assigned ip address
(B[m/home/schai/cs423/cs423_grade/MP3/cs423-grading-q: line 267: setfattr: command not found
[    1.755817][  T154] ip (154) used greatest stack depth: 10984 bytes left
RTNETLINK answers: File exists
[32m> setup cgroups
(B[m[32m> setup bpf
(B[m[32m> root environment
(B[m/data/mp3-submissions/mp3-asuthoshaa69
/data/mp3-submissions/mp3-asuthoshaa69
mkswap: /dev/sda: warning: wiping old swap signature.
Setting up swapspace version 1, size = 2 GiB (2147479552 bytes)
no label, UUID=888b9996-b9f2-11ef-82e3-525400123456
[    3.876428][  T199] Adding 2097148k swap on /dev/sda.  Priority:-2 extents:1 across:2097148k 
[    3.910226][  T207] random: python3: uninitialized urandom read (24 bytes read)
running: readme
running: cat README.md | wc -l
readme: 5

running: comment
comment lines:  61
total lines:  522
comment: 5

running: fp ops
fp ops: 2.5

[   13.125391][    C1] random: crng init done
running: compile no warn
rm -f monitor work *~ *.ko *.o *.mod.c Module.symvers modules.order
compile no warn: 2.5

running: read/write
[   24.472760][  T894] mp3: loading out-of-tree module taints kernel.
[   24.483770][  T894] RTS MODULE LOADING
[   24.484032][  T894] mp3 directory created....
[   24.484370][  T894] status created....
[   24.484816][  T894] RTS MODULE LOADED
[   24.489127][  T898] reg_pcb_pid : 896
cat output: 896
[   24.498954][  T901] Deregister Kernel Space/n
[   24.498955][  T901] dereg_pcb_pid : 896
[   24.505493][  T902] RTS MODULE UNLOADING
[   24.505755][  T902] RTS MODULE UNLOADED
read/write: 5

running: char dev
[   27.518994][  T903] RTS MODULE LOADING
[   27.519228][  T903] mp3 directory created....
[   27.519483][  T903] status created....
[   27.519776][  T903] Failed to register char device region
insmod: ERROR: could not insert module mp3.ko: Device or resource busy
[Points off] chardev_open failed
returncode 0
stdoutNone
stderrNone
rmmod: ERROR: Module mp3 is not currently loaded
char dev: 0

running: buffer alloc/free
[   30.565896][  T910] RTS MODULE LOADING
[   30.566207][  T910] mp3 directory created....
[   30.566581][  T910] status created....
[   30.566996][  T910] Failed to register char device region
insmod: ERROR: could not insert module mp3.ko: Device or resource busy
rmmod: ERROR: Module mp3 is not currently loaded
buffer alloc/free: 10

running: mmap
[   33.604063][  T916] RTS MODULE LOADING
[   33.604304][  T916] mp3 directory created....
[   33.604560][  T916] status created....
[   33.604860][  T916] Failed to register char device region
insmod: ERROR: could not insert module mp3.ko: Device or resource busy
[Points off] mmap_test exception
Traceback (most recent call last):
  File "/home/schai/cs423/cs423_grade/MP3/grader.py", line 171, in chardev_mmap
    p = subprocess.run('./mmap_test', shell=True, check=True)
  File "/usr/lib/python3.10/subprocess.py", line 526, in run
    raise CalledProcessError(retcode, process.args,
subprocess.CalledProcessError: Command './mmap_test' returned non-zero exit status 1.

During handling of the above exception, another exception occurred:

Traceback (most recent call last):
  File "/home/schai/cs423/cs423_grade/MP3/grader.py", line 540, in <module>
    exit(main())
  File "/home/schai/cs423/cs423_grade/MP3/grader.py", line 527, in main
    .run_all()
  File "/home/schai/cs423/cs423_grade/MP3/grader.py", line 59, in run_all
    test.run()
  File "/home/schai/cs423/cs423_grade/MP3/grader.py", line 22, in run
    ret = self.test()
  File "/home/schai/cs423/cs423_grade/MP3/grader.py", line 178, in chardev_mmap
    print("returncode",  str(p.returncode))
UnboundLocalError: local variable 'p' referenced before assignment
Powering off.
[   33.793609][  T924] sd 0:0:0:0: [sda] Synchronizing SCSI cache
[   33.794062][  T924] sd 0:0:0:0: [sda] Stopping disk
[   33.794614][  T924] ACPI: PM: Preparing to enter system sleep state S5
[   33.795026][  T924] reboot: Power down
